/pnfs/knu.ac.kr/data/cms/store/user/yeo/HDD/Run_11050/Run_11050_Wave/Run_11050_Wave_MID_11/Run_11050_Wave_MID_11_FILE_0.dat is loaded
Info in <TCanvas::MakeDefCanvas>:  created default TCanvas with name c1
/pnfs/knu.ac.kr/data/cms/store/user/yeo/HDD/Run_11050/Run_11050_Wave/Run_11050_Wave_MID_11/Run_11050_Wave_MID_11_FILE_1.dat is loaded
/pnfs/knu.ac.kr/data/cms/store/user/yeo/HDD/Run_11050/Run_11050_Wave/Run_11050_Wave_MID_11/Run_11050_Wave_MID_11_FILE_2.dat is loaded
/pnfs/knu.ac.kr/data/cms/store/user/yeo/HDD/Run_11050/Run_11050_Wave/Run_11050_Wave_MID_11/Run_11050_Wave_MID_11_FILE_3.dat is loaded
/pnfs/knu.ac.kr/data/cms/store/user/yeo/HDD/Run_11050/Run_11050_Wave/Run_11050_Wave_MID_11/Run_11050_Wave_MID_11_FILE_4.dat is loaded
/pnfs/knu.ac.kr/data/cms/store/user/yeo/HDD/Run_11050/Run_11050_Wave/Run_11050_Wave_MID_11/Run_11050_Wave_MID_11_FILE_5.dat is loaded
/pnfs/knu.ac.kr/data/cms/store/user/yeo/HDD/Run_11050/Run_11050_Wave/Run_11050_Wave_MID_11/Run_11050_Wave_MID_11_FILE_6.dat is loaded
/pnfs/knu.ac.kr/data/cms/store/user/yeo/HDD/Run_11050/Run_11050_Wave/Run_11050_Wave_MID_11/Run_11050_Wave_MID_11_FILE_7.dat is loaded
/pnfs/knu.ac.kr/data/cms/store/user/yeo/HDD/Run_11050/Run_11050_Wave/Run_11050_Wave_MID_11/Run_11050_Wave_MID_11_FILE_8.dat is loaded
/pnfs/knu.ac.kr/data/cms/store/user/yeo/HDD/Run_11050/Run_11050_Wave/Run_11050_Wave_MID_11/Run_11050_Wave_MID_11_FILE_9.dat is loaded
/pnfs/knu.ac.kr/data/cms/store/user/yeo/HDD/Run_11050/Run_11050_Wave/Run_11050_Wave_MID_11/Run_11050_Wave_MID_11_FILE_10.dat is loaded
/pnfs/knu.ac.kr/data/cms/store/user/yeo/HDD/Run_11050/Run_11050_Wave/Run_11050_Wave_MID_11/Run_11050_Wave_MID_11_FILE_11.dat is loaded
